// Jest Snapshot v1, https://goo.gl/fbAQLP

exports[`<Placeholder> render 1`] = `
<View
  style={
    Object {
      "padding": 16,
    }
  }
>
  <Text
    dataSet={Object {}}
    style={
      Object {
        "backgroundColor": undefined,
        "color": "#171717",
        "fontFamily": undefined,
        "fontSize": 14,
        "fontStyle": "normal",
        "fontWeight": "400",
        "letterSpacing": 0,
        "lineHeight": 21,
        "textDecorationLine": undefined,
      }
    }
  >
    Empty List
  </Text>
</View>
`;
