// Jest Snapshot v1, https://goo.gl/fbAQLP

exports[`<SyncError> render 1`] = `
<View
  dataSet={{}}
  style={
    {
      "backgroundColor": "#cffafe",
      "marginBottom": 16,
      "marginLeft": 16,
      "marginRight": 16,
      "marginTop": 16,
    }
  }
>
  <Text
    dataSet={{}}
    style={
      {
        "backgroundColor": undefined,
        "color": "#171717",
        "fontFamily": undefined,
        "fontSize": 14,
        "fontStyle": "normal",
        "fontWeight": "400",
        "letterSpacing": 0,
        "lineHeight": 21,
        "textDecorationLine": undefined,
      }
    }
  >
    Nao foi poss√≠vel sincronizar os dados
  </Text>
</View>
`;
