// Jest Snapshot v1, https://goo.gl/fbAQLP

exports[`<CivicIncubatorToolbarContainer> render 1`] = `null`;
