// Jest Snapshot v1, https://goo.gl/fbAQLP

exports[`<FormBody> render 1`] = `
<View
  dataSet={Object {}}
  style={
    Object {
      "flex": 1,
    }
  }
>
  <View
    dataSet={Object {}}
    style={
      Object {
        "flex": 1,
      }
    }
  >
    <RCTScrollView
      ItemSeparatorComponent={[Function]}
      contentContainerStyle={
        Array [
          Object {},
          Object {
            "dataSet": Object {},
          },
          Object {},
        ]
      }
      data={Array []}
      dataSet={Object {}}
      getItem={[Function]}
      getItemCount={[Function]}
      keyExtractor={[Function]}
      onContentSizeChange={[Function]}
      onLayout={[Function]}
      onMomentumScrollBegin={[Function]}
      onMomentumScrollEnd={[Function]}
      onScroll={[Function]}
      onScrollBeginDrag={[Function]}
      onScrollEndDrag={[Function]}
      removeClippedSubviews={false}
      renderItem={[Function]}
      scrollEventThrottle={50}
      stickyHeaderIndices={Array []}
      style={
        Object {
          "flex": 1,
        }
      }
      viewabilityConfigCallbackPairs={Array []}
    >
      <View />
    </RCTScrollView>
    <View
      dataSet={Object {}}
      style={
        Object {
          "height": 8,
        }
      }
    />
    <View
      dataSet={Object {}}
      style={
        Object {
          "flexDirection": "row",
        }
      }
    >
      <View
        dataSet={Object {}}
        style={Object {}}
      />
      <View
        dataSet={Object {}}
        style={
          Object {
            "width": 8,
          }
        }
      />
      <View
        accessibilityRole="button"
        accessible={true}
        collapsable={false}
        colorScheme="primary"
        dataSet={Object {}}
        focusable={true}
        onBlur={[Function]}
        onClick={[Function]}
        onFocus={[Function]}
        onResponderGrant={[Function]}
        onResponderMove={[Function]}
        onResponderRelease={[Function]}
        onResponderTerminate={[Function]}
        onResponderTerminationRequest={[Function]}
        onStartShouldSetResponder={[Function]}
        style={
          Object {
            "alignItems": "center",
            "backgroundColor": "#d37b16",
            "borderRadius": 4,
            "flex": 1,
            "flexDirection": "row",
            "justifyContent": "center",
            "paddingBottom": 10,
            "paddingLeft": 12,
            "paddingRight": 12,
            "paddingTop": 10,
          }
        }
      >
        <View
          dataSet={Object {}}
          style={
            Object {
              "alignItems": "center",
              "flexDirection": "row",
            }
          }
          test={true}
        >
          <View
            dataSet={Object {}}
            style={Object {}}
          >
            <Text
              dataSet={Object {}}
              style={
                Object {
                  "backgroundColor": undefined,
                  "color": "#fafafa",
                  "fontFamily": undefined,
                  "fontSize": 14,
                  "fontStyle": "normal",
                  "fontWeight": "400",
                  "letterSpacing": 0,
                  "lineHeight": 21,
                  "textDecorationLine": undefined,
                }
              }
            >
              Finish
            </Text>
          </View>
        </View>
      </View>
    </View>
  </View>
</View>
`;
