// Jest Snapshot v1, https://goo.gl/fbAQLP

exports[`<NewCivicIncubatorFormContainer> render 1`] = `null`;
