// Jest Snapshot v1, https://goo.gl/fbAQLP

exports[`<NewPeaceAmbassadorsAndVdoFormContainer> render 1`] = `null`;
