// Jest Snapshot v1, https://goo.gl/fbAQLP

exports[`<SavingsGroupMonitoringItem> render 1`] = `
<View
  dataSet={Object {}}
  style={
    Object {
      "backgroundColor": "#fafaf9",
      "borderBottomColor": "#fafafa",
      "borderLeftColor": "#ef8812",
      "borderLeftWidth": 6,
      "borderRadius": 6,
      "borderRightColor": "#fafafa",
      "borderTopColor": "#fafafa",
      "borderWidth": 1,
      "elevation": 2,
      "paddingBottom": 8,
      "paddingLeft": 8,
      "paddingRight": 8,
      "paddingTop": 8,
      "shadowColor": "#000000",
      "shadowOffset": Object {
        "height": 1,
        "width": 0,
      },
      "shadowOpacity": 0.2,
      "shadowRadius": 1.41,
    }
  }
>
  <View
    dataSet={Object {}}
    style={
      Object {
        "flexDirection": "row",
      }
    }
  >
    <View
      dataSet={Object {}}
      style={
        Object {
          "flex": 1,
        }
      }
    >
      <Text
        dataSet={Object {}}
        style={
          Object {
            "backgroundColor": undefined,
            "color": "#171717",
            "fontFamily": undefined,
            "fontSize": 14,
            "fontStyle": "normal",
            "fontWeight": "700",
            "letterSpacing": 0,
            "lineHeight": 21,
            "textDecorationLine": undefined,
          }
        }
      >
        Igdrassil
      </Text>
      <View
        dataSet={Object {}}
        style={
          Object {
            "height": 8,
          }
        }
      />
      <Text
        dataSet={Object {}}
        style={
          Object {
            "backgroundColor": undefined,
            "color": "#171717",
            "fontFamily": undefined,
            "fontSize": 14,
            "fontStyle": "normal",
            "fontWeight": "400",
            "letterSpacing": 0,
            "lineHeight": 21,
            "textDecorationLine": undefined,
          }
        }
      >
        28
         anos
      </Text>
      <View
        dataSet={Object {}}
        style={
          Object {
            "height": 8,
          }
        }
      />
      <Text
        dataSet={Object {}}
        style={
          Object {
            "backgroundColor": undefined,
            "color": "#171717",
            "fontFamily": undefined,
            "fontSize": 14,
            "fontStyle": "normal",
            "fontWeight": "400",
            "letterSpacing": 0,
            "lineHeight": 21,
            "textDecorationLine": undefined,
          }
        }
      >
        Poupan√ßa: 
        50000
      </Text>
    </View>
    <View
      dataSet={Object {}}
      style={
        Object {
          "width": 8,
        }
      }
    />
    <View
      accessibilityRole="button"
      accessible={true}
      collapsable={false}
      colorScheme="danger"
      dataSet={Object {}}
      focusable={true}
      onBlur={[Function]}
      onClick={[Function]}
      onFocus={[Function]}
      onResponderGrant={[Function]}
      onResponderMove={[Function]}
      onResponderRelease={[Function]}
      onResponderTerminate={[Function]}
      onResponderTerminationRequest={[Function]}
      onStartShouldSetResponder={[Function]}
      style={
        Object {
          "alignItems": "center",
          "borderRadius": 4,
          "flexDirection": "row",
          "justifyContent": "center",
          "paddingBottom": 10,
          "paddingLeft": 10,
          "paddingRight": 10,
          "paddingTop": 10,
        }
      }
    >
      <Text />
    </View>
  </View>
</View>
`;
