// Jest Snapshot v1, https://goo.gl/fbAQLP

exports[`<SyncErrorContainer> render 1`] = `<View />`;
